------------------------------------------------------------
TimeQuest Timing Analyzer Summary
------------------------------------------------------------

Type  : Slow 1100mV 85C Model Setup 'CLOCK_50'
Slack : -4.218
TNS   : -27.814

Type  : Slow 1100mV 85C Model Setup 'clock_divider:cdiv|divided_clocks[15]'
Slack : -2.970
TNS   : -79.977

Type  : Slow 1100mV 85C Model Hold 'CLOCK_50'
Slack : 0.512
TNS   : 0.000

Type  : Slow 1100mV 85C Model Hold 'clock_divider:cdiv|divided_clocks[15]'
Slack : 0.961
TNS   : 0.000

Type  : Slow 1100mV 85C Model Minimum Pulse Width 'clock_divider:cdiv|divided_clocks[15]'
Slack : -0.724
TNS   : -41.610

Type  : Slow 1100mV 85C Model Minimum Pulse Width 'CLOCK_50'
Slack : -0.724
TNS   : -17.845

Type  : Slow 1100mV 0C Model Setup 'CLOCK_50'
Slack : -4.241
TNS   : -30.209

Type  : Slow 1100mV 0C Model Setup 'clock_divider:cdiv|divided_clocks[15]'
Slack : -3.069
TNS   : -81.142

Type  : Slow 1100mV 0C Model Hold 'CLOCK_50'
Slack : 0.489
TNS   : 0.000

Type  : Slow 1100mV 0C Model Hold 'clock_divider:cdiv|divided_clocks[15]'
Slack : 0.944
TNS   : 0.000

Type  : Slow 1100mV 0C Model Minimum Pulse Width 'clock_divider:cdiv|divided_clocks[15]'
Slack : -0.724
TNS   : -41.395

Type  : Slow 1100mV 0C Model Minimum Pulse Width 'CLOCK_50'
Slack : -0.724
TNS   : -17.804

Type  : Fast 1100mV 85C Model Setup 'CLOCK_50'
Slack : -2.672
TNS   : -4.590

Type  : Fast 1100mV 85C Model Setup 'clock_divider:cdiv|divided_clocks[15]'
Slack : -0.876
TNS   : -22.197

Type  : Fast 1100mV 85C Model Hold 'CLOCK_50'
Slack : 0.186
TNS   : 0.000

Type  : Fast 1100mV 85C Model Hold 'clock_divider:cdiv|divided_clocks[15]'
Slack : 0.301
TNS   : 0.000

Type  : Fast 1100mV 85C Model Minimum Pulse Width 'CLOCK_50'
Slack : -0.390
TNS   : -1.723

Type  : Fast 1100mV 85C Model Minimum Pulse Width 'clock_divider:cdiv|divided_clocks[15]'
Slack : 0.100
TNS   : 0.000

Type  : Fast 1100mV 0C Model Setup 'CLOCK_50'
Slack : -2.248
TNS   : -3.797

Type  : Fast 1100mV 0C Model Setup 'clock_divider:cdiv|divided_clocks[15]'
Slack : -0.770
TNS   : -18.892

Type  : Fast 1100mV 0C Model Hold 'CLOCK_50'
Slack : 0.177
TNS   : 0.000

Type  : Fast 1100mV 0C Model Hold 'clock_divider:cdiv|divided_clocks[15]'
Slack : 0.280
TNS   : 0.000

Type  : Fast 1100mV 0C Model Minimum Pulse Width 'CLOCK_50'
Slack : -0.374
TNS   : -1.687

Type  : Fast 1100mV 0C Model Minimum Pulse Width 'clock_divider:cdiv|divided_clocks[15]'
Slack : 0.116
TNS   : 0.000

------------------------------------------------------------
